C:/Users/User/STM32CubeIDE/workspace_1.10.1/DIO_TOGGLE/CMSIS/Include/core_cm0.h:623:22:__NVIC_EnableIRQ	16	static
C:/Users/User/STM32CubeIDE/workspace_1.10.1/DIO_TOGGLE/CMSIS/Include/core_cm0.h:730:22:__NVIC_SetPriority	24	static
../Src/main.c:36:6:USART1_IRQHandler	8	static
../Src/main.c:45:6:TIM3_IRQHandler	8	static
../Src/main.c:56:6:Init_GPIO	8	static
../Src/main.c:66:6:initTIM3	8	static
../Src/main.c:81:6:initUSART1	8	static
../Src/main.c:112:6:initDMA	8	static
../Src/main.c:124:6:TransmitWithDMA	24	static
../Src/main.c:136:6:ExecuteCommand	16	static
../Src/main.c:176:5:main	8	static
